create table item_master(item_id number(4),item_name varchar(15),price number(7),company_code varcahr);
create table item_master(item_id number(4),item_name varchar(15),price number(7),company_code varcahr)
                                                                                              *
ERROR at line 1:
ORA-00902: invalid datatype 


SQL> create table item_master(item_id number(4),item_name varchar(15),price number(7),company_code varcah(5));
create table item_master(item_id number(4),item_name varchar(15),price number(7),company_code varcah(5))
                                                                                                    *
ERROR at line 1:
ORA-00907: missing right parenthesis 


SQL> create table item_master(item_id number(4),item_name varchar(15),price number(7),company_code int);

Table created.

SQL> desc item_master;
 Name                                      Null?    Type
 ----------------------------------------- -------- ----------------------------
 ITEM_ID                                            NUMBER(4)
 ITEM_NAME                                          VARCHAR2(15)
 PRICE                                              NUMBER(7)
 COMPANY_CODE                                       NUMBER(38)

SQL> insert into item_master(01,'Rice',500,101);
insert into item_master(01,'Rice',500,101)
                        *
ERROR at line 1:
ORA-00928: missing SELECT keyword 


SQL> insert into item_master values(01,'Rice',500,101);

1 row created.

SQL> select *from item_master;

   ITEM_ID ITEM_NAME            PRICE COMPANY_CODE                              
---------- --------------- ---------- ------------                              
         1 Rice                   500          101                              

SQL> insert into item_master values(02,'oil',2500,002);

1 row created.

SQL> insert into item_master values(03,'magdal',120,04);

1 row created.

SQL> insert into item_master values(04,'tea',1500,001);

1 row created.

SQL> select *from item_master;

   ITEM_ID ITEM_NAME            PRICE COMPANY_CODE                              
---------- --------------- ---------- ------------                              
         1 Rice                   500          101                              
         2 oil                   2500            2                              
         3 magdal                 120            4                              
         4 tea                   1500            1                              

SQL> insert into item_master values(05,'milkpowder',250,202);

1 row created.

SQL> select *from item where price between 200 and 600;
select *from item where price between 200 and 600
             *
ERROR at line 1:
ORA-00942: table or view does not exist 


SQL> SELECT *
  2  FROM ITEM
  3  WHERE price BETWEEN 200 AND 600;
FROM ITEM
     *
ERROR at line 2:
ORA-00942: table or view does not exist 


SQL> select *from item_master where price between 200 and 600;

   ITEM_ID ITEM_NAME            PRICE COMPANY_CODE                              
---------- --------------- ---------- ------------                              
         1 Rice                   500          101                              
         5 milkpowder             250          202                              

SQL> insert into item_master values(6,'powder',120,16);

1 row created.

SQL> select avg(price) as average_price from item_master where company_code =16;

AVERAGE_PRICE                                                                   
-------------                                                                   
          120                                                                   

SQL> select item_name ,price from item_master where price =(select min(price) from item_master);

ITEM_NAME            PRICE                                                      
--------------- ----------                                                      
magdal                 120                                                      
powder                 120                                                      

SQL> 
